/home/boop/tenstorrent/.venv/lib/python3.13/site-packages/torch/profiler/profiler.py:224: UserWarning: Warning: Profiler clears events at the end of each cycle.Only events from the current cycle will be reported.To keep events across cycles, set acc_events=True.
  _warn_once(
ERROR:2026-09-17 11:56:47 2629792:2629792 DeviceProperties.cpp:48] gpuGetDeviceCount failed with code 35
/home/boop/tenstorrent/.venv/lib/python3.13/site-packages/torch/_dynamo/pgo.py:538: UserWarning: dynamo_pgo force disabled by torch.compiler.config.force_disable_caches
  warn_once(
W0917 11:56:56.580000 2629792 torch/_inductor/debug.py:520] [0/0] model__0_inference_0 debug trace: /home/boop/tenstorrent/boop-docs/compiler-maps/pytorch/artifacts/rmsnorm/debug/torch_compile_debug/run_2026_09_17_11_56_47_854270-pid_2629792/torchinductor/model__0_inference_0.0
decomposed {'passed': True, 'dynamo_graphs': 1, 'generated_kernel_count': 3, 'generated_cpp_vec_kernel_count': 2, 'ir_nodes_pre_fusion': 2, 'wrapper_invocations': ['cpp_fused_add_mean_mul_pow_rsqrt_0(arg0_1, arg1_1, buf0, buf1)'], 'eager_aten_events': {'aten::square': 1, 'aten::pow': 1, 'aten::result_type': 1, 'aten::to': 3, 'aten::mean': 1, 'aten::sum': 1, 'aten::fill_': 1, 'aten::div_': 1, 'aten::_to_copy': 2, 'aten::empty_strided': 2, 'aten::copy_': 2, 'aten::add': 1, 'aten::rsqrt': 1, 'aten::mul': 2}, 'max_abs_error': 9.5367431640625e-07, 'backward_checked': False, 'input_mutations_checked': True}
/home/boop/tenstorrent/.venv/lib/python3.13/site-packages/torch/_dynamo/pgo.py:538: UserWarning: dynamo_pgo force disabled by torch.compiler.config.force_disable_caches
  warn_once(
W0917 11:56:57.110000 2629792 torch/_inductor/debug.py:520] [0/0] model__1_inference_1 debug trace: /home/boop/tenstorrent/boop-docs/compiler-maps/pytorch/artifacts/rmsnorm/debug/torch_compile_debug/run_2026_09_17_11_56_47_854270-pid_2629792/torchinductor/model__1_inference_1.1
native {'passed': True, 'dynamo_graphs': 1, 'generated_kernel_count': 3, 'generated_cpp_vec_kernel_count': 2, 'ir_nodes_pre_fusion': 2, 'wrapper_invocations': ['cpp_fused_add_mean_mul_pow_rsqrt_0(arg0_1, arg1_1, buf0, buf1)'], 'eager_aten_events': {'aten::rms_norm': 1, 'aten::_fused_rms_norm': 1, 'aten::to': 5, 'aten::pow': 1, 'aten::result_type': 1, 'aten::mean': 1, 'aten::sum': 1, 'aten::fill_': 1, 'aten::div_': 1, 'aten::_to_copy': 2, 'aten::empty_strided': 2, 'aten::copy_': 2, 'aten::add_': 1, 'aten::rsqrt': 1, 'aten::mul': 2, 'aten::type_as': 1}, 'max_abs_error': 9.5367431640625e-07, 'backward_checked': False, 'input_mutations_checked': True}
/home/boop/tenstorrent/.venv/lib/python3.13/site-packages/torch/_dynamo/pgo.py:538: UserWarning: dynamo_pgo force disabled by torch.compiler.config.force_disable_caches
  warn_once(
W0917 11:56:57.503000 2629792 torch/_inductor/debug.py:520] [0/0] model__2_inference_2 debug trace: /home/boop/tenstorrent/boop-docs/compiler-maps/pytorch/artifacts/rmsnorm/debug/torch_compile_debug/run_2026_09_17_11_56_47_854270-pid_2629792/torchinductor/model__2_inference_2.2
residual {'passed': True, 'dynamo_graphs': 1, 'generated_kernel_count': 3, 'generated_cpp_vec_kernel_count': 2, 'ir_nodes_pre_fusion': 2, 'wrapper_invocations': ['cpp_fused_add_mean_mul_pow_rsqrt_0(arg0_1, arg1_1, arg2_1, buf0, buf1)'], 'eager_aten_events': {'aten::add': 2, 'aten::square': 1, 'aten::pow': 1, 'aten::result_type': 1, 'aten::to': 3, 'aten::mean': 1, 'aten::sum': 1, 'aten::fill_': 1, 'aten::div_': 1, 'aten::_to_copy': 2, 'aten::empty_strided': 2, 'aten::copy_': 2, 'aten::rsqrt': 1, 'aten::mul': 2}, 'max_abs_error': 4.76837158203125e-07, 'backward_checked': False, 'input_mutations_checked': True}
/home/boop/tenstorrent/.venv/lib/python3.13/site-packages/torch/_dynamo/pgo.py:538: UserWarning: dynamo_pgo force disabled by torch.compiler.config.force_disable_caches
  warn_once(
W0917 11:56:58.113000 2629792 torch/_inductor/debug.py:520] [0/0] model__3_inference_3 debug trace: /home/boop/tenstorrent/boop-docs/compiler-maps/pytorch/artifacts/rmsnorm/debug/torch_compile_debug/run_2026_09_17_11_56_47_854270-pid_2629792/torchinductor/model__3_inference_3.3
matmul {'passed': True, 'dynamo_graphs': 1, 'generated_kernel_count': 3, 'generated_cpp_vec_kernel_count': 2, 'ir_nodes_pre_fusion': 3, 'wrapper_invocations': ['cpp_fused_add_mean_mul_pow_rsqrt_0(arg0_1, arg1_1, buf0, buf1)', 'extern_kernels.mm(buf1, arg2_1, out=buf2)'], 'eager_aten_events': {'aten::square': 1, 'aten::pow': 1, 'aten::result_type': 1, 'aten::to': 3, 'aten::mean': 1, 'aten::sum': 1, 'aten::fill_': 1, 'aten::div_': 1, 'aten::_to_copy': 2, 'aten::empty_strided': 2, 'aten::copy_': 2, 'aten::add': 1, 'aten::rsqrt': 1, 'aten::mul': 2, 'aten::matmul': 1, 'aten::mm': 1, 'aten::resolve_conj': 3}, 'max_abs_error': 1.33514404296875e-05, 'backward_checked': False, 'input_mutations_checked': True}
/home/boop/tenstorrent/.venv/lib/python3.13/site-packages/torch/_dynamo/pgo.py:538: UserWarning: dynamo_pgo force disabled by torch.compiler.config.force_disable_caches
  warn_once(
W0917 11:56:58.546000 2629792 torch/_inductor/debug.py:520] [0/0] model__4_forward_5 debug trace: /home/boop/tenstorrent/boop-docs/compiler-maps/pytorch/artifacts/rmsnorm/debug/torch_compile_debug/run_2026_09_17_11_56_47_854270-pid_2629792/torchinductor/model__4_forward_5.4
W0917 11:56:58.943000 2629792 torch/_inductor/debug.py:520] [0/0] model__4_backward_7 debug trace: /home/boop/tenstorrent/boop-docs/compiler-maps/pytorch/artifacts/rmsnorm/debug/torch_compile_debug/run_2026_09_17_11_56_47_854270-pid_2629792/torchinductor/model__4_backward_7.5
backward {'passed': True, 'dynamo_graphs': 1, 'generated_kernel_count': 10, 'generated_cpp_vec_kernel_count': 6, 'ir_nodes_pre_fusion': 6, 'wrapper_invocations': ['cpp_fused_add_mean_mul_pow_rsqrt_0(buf1, primals_1, primals_2, buf2)', 'cpp_fused_add_div_expand_mul_pow_sum_0(tangents_1, primals_1, rsqrt, primals_2, buf0, buf1, buf2)'], 'eager_aten_events': {'aten::square': 1, 'aten::pow': 3, 'aten::result_type': 3, 'aten::to': 8, 'aten::mean': 1, 'aten::sum': 4, 'aten::fill_': 5, 'aten::div_': 1, 'aten::_to_copy': 5, 'aten::empty_strided': 6, 'aten::copy_': 6, 'aten::add': 1, 'aten::rsqrt': 1, 'aten::mul': 10, 'aten::as_strided': 3, 'aten::ones_like': 1, 'aten::empty_like': 1, 'aten::expand': 2, 'aten::view': 1, 'aten::detach': 2, 'aten::div': 1, 'aten::add_': 1}, 'max_abs_error': 9.5367431640625e-07, 'backward_checked': True, 'input_mutations_checked': True}
/home/boop/tenstorrent/.venv/lib/python3.13/site-packages/torch/_dynamo/pgo.py:538: UserWarning: dynamo_pgo force disabled by torch.compiler.config.force_disable_caches
  warn_once(
W0917 11:56:59.348000 2629792 torch/_inductor/debug.py:520] [0/0] model__5_inference_8 debug trace: /home/boop/tenstorrent/boop-docs/compiler-maps/pytorch/artifacts/rmsnorm/debug/torch_compile_debug/run_2026_09_17_11_56_47_854270-pid_2629792/torchinductor/model__5_inference_8.6
view_mutation {'passed': True, 'dynamo_graphs': 1, 'generated_kernel_count': 3, 'generated_cpp_vec_kernel_count': 2, 'ir_nodes_pre_fusion': 4, 'wrapper_invocations': ['cpp_fused_add_copy__mean_mul_pow_rsqrt_0(arg0_1, arg1_1, buf0, buf1, arg0_1)'], 'eager_aten_events': {'aten::view': 1, 'aten::add_': 1, 'aten::to': 4, 'aten::_to_copy': 3, 'aten::empty_strided': 3, 'aten::copy_': 3, 'aten::square': 1, 'aten::pow': 1, 'aten::result_type': 1, 'aten::mean': 1, 'aten::sum': 1, 'aten::fill_': 1, 'aten::div_': 1, 'aten::add': 1, 'aten::rsqrt': 1, 'aten::mul': 2}, 'max_abs_error': 4.76837158203125e-07, 'backward_checked': False, 'input_mutations_checked': True}
/home/boop/tenstorrent/.venv/lib/python3.13/site-packages/torch/_dynamo/pgo.py:538: UserWarning: dynamo_pgo force disabled by torch.compiler.config.force_disable_caches
  warn_once(
W0917 11:56:59.769000 2629792 torch/_inductor/debug.py:520] [0/0] model__6_inference_9 debug trace: /home/boop/tenstorrent/boop-docs/compiler-maps/pytorch/artifacts/rmsnorm/debug/torch_compile_debug/run_2026_09_17_11_56_47_854270-pid_2629792/torchinductor/model__6_inference_9.7
strided {'passed': True, 'dynamo_graphs': 1, 'generated_kernel_count': 2, 'generated_cpp_vec_kernel_count': 2, 'ir_nodes_pre_fusion': 2, 'wrapper_invocations': ['cpp_fused_add_mean_mul_pow_rsqrt_0(arg0_1, arg1_1, buf0, buf1)'], 'eager_aten_events': {'aten::square': 1, 'aten::pow': 1, 'aten::result_type': 1, 'aten::to': 3, 'aten::mean': 1, 'aten::sum': 1, 'aten::fill_': 1, 'aten::div_': 1, 'aten::_to_copy': 2, 'aten::empty_strided': 2, 'aten::copy_': 2, 'aten::add': 1, 'aten::rsqrt': 1, 'aten::mul': 2}, 'max_abs_error': 1.430511474609375e-06, 'backward_checked': False, 'input_mutations_checked': True}
/home/boop/tenstorrent/.venv/lib/python3.13/site-packages/torch/_dynamo/pgo.py:538: UserWarning: dynamo_pgo force disabled by torch.compiler.config.force_disable_caches
  warn_once(
W0917 11:57:00.141000 2629792 torch/_inductor/debug.py:520] [0/0] model__7_inference_10 debug trace: /home/boop/tenstorrent/boop-docs/compiler-maps/pytorch/artifacts/rmsnorm/debug/torch_compile_debug/run_2026_09_17_11_56_47_854270-pid_2629792/torchinductor/model__7_inference_10.8
W0917 11:57:00.491000 2629792 torch/_inductor/debug.py:520] [1/0] model__8_inference_11 debug trace: /home/boop/tenstorrent/boop-docs/compiler-maps/pytorch/artifacts/rmsnorm/debug/torch_compile_debug/run_2026_09_17_11_56_47_854270-pid_2629792/torchinductor/model__8_inference_11.9
W0917 11:57:00.859000 2629792 torch/_inductor/debug.py:520] [2/0] model__9_inference_12 debug trace: /home/boop/tenstorrent/boop-docs/compiler-maps/pytorch/artifacts/rmsnorm/debug/torch_compile_debug/run_2026_09_17_11_56_47_854270-pid_2629792/torchinductor/model__9_inference_12.10
staged {'passed': True, 'dynamo_graphs': 3, 'generated_kernel_count': 6, 'generated_cpp_vec_kernel_count': 4, 'ir_nodes_pre_fusion': 4, 'wrapper_invocations': ['cpp_fused_mean_pow_0(buf1, arg0_1)', 'cpp_fused_add_rsqrt_0(arg0_1, buf0)', 'cpp_fused_mul_0(arg0_1, arg1_1, arg2_1, buf0)'], 'eager_aten_events': {'aten::square': 1, 'aten::pow': 1, 'aten::result_type': 1, 'aten::to': 3, 'aten::mean': 1, 'aten::sum': 1, 'aten::fill_': 1, 'aten::div_': 1, 'aten::_to_copy': 2, 'aten::empty_strided': 2, 'aten::copy_': 2, 'aten::add': 1, 'aten::rsqrt': 1, 'aten::mul': 2}, 'max_abs_error': 9.5367431640625e-07, 'backward_checked': False, 'input_mutations_checked': True}
/home/boop/tenstorrent/.venv/lib/python3.13/site-packages/torch/_dynamo/pgo.py:538: UserWarning: dynamo_pgo force disabled by torch.compiler.config.force_disable_caches
  warn_once(
{
  "torch_version": "2.11.0+cu130",
  "torch_git": "70d99e998b4955e0049d13a98d77ae1b14db1f45",
  "torch_file": "/home/boop/tenstorrent/.venv/lib/python3.13/site-packages/torch/__init__.py",
  "device": "cpu",
  "dtype": "float32",
  "shape": [
    8,
    128
  ],
  "threads": 2,
  "cases": {
    "decomposed": {
      "passed": true,
      "dynamo_graphs": 1,
      "generated_kernel_count": 3,
      "generated_cpp_vec_kernel_count": 2,
      "ir_nodes_pre_fusion": 2,
      "wrapper_invocations": [
        "cpp_fused_add_mean_mul_pow_rsqrt_0(arg0_1, arg1_1, buf0, buf1)"
      ],
      "eager_aten_events": {
        "aten::square": 1,
        "aten::pow": 1,
        "aten::result_type": 1,
        "aten::to": 3,
        "aten::mean": 1,
        "aten::sum": 1,
        "aten::fill_": 1,
        "aten::div_": 1,
        "aten::_to_copy": 2,
        "aten::empty_strided": 2,
        "aten::copy_": 2,
        "aten::add": 1,
        "aten::rsqrt": 1,
        "aten::mul": 2
      },
      "max_abs_error": 9.5367431640625e-07,
      "backward_checked": false,
      "input_mutations_checked": true
    },
    "native": {
      "passed": true,
      "dynamo_graphs": 1,
      "generated_kernel_count": 3,
      "generated_cpp_vec_kernel_count": 2,
      "ir_nodes_pre_fusion": 2,
      "wrapper_invocations": [
        "cpp_fused_add_mean_mul_pow_rsqrt_0(arg0_1, arg1_1, buf0, buf1)"
      ],
      "eager_aten_events": {
        "aten::rms_norm": 1,
        "aten::_fused_rms_norm": 1,
        "aten::to": 5,
        "aten::pow": 1,
        "aten::result_type": 1,
        "aten::mean": 1,
        "aten::sum": 1,
        "aten::fill_": 1,
        "aten::div_": 1,
        "aten::_to_copy": 2,
        "aten::empty_strided": 2,
        "aten::copy_": 2,
        "aten::add_": 1,
        "aten::rsqrt": 1,
        "aten::mul": 2,
        "aten::type_as": 1
      },
      "max_abs_error": 9.5367431640625e-07,
      "backward_checked": false,
      "input_mutations_checked": true
    },
    "residual": {
      "passed": true,
      "dynamo_graphs": 1,
      "generated_kernel_count": 3,
      "generated_cpp_vec_kernel_count": 2,
      "ir_nodes_pre_fusion": 2,
      "wrapper_invocations": [
        "cpp_fused_add_mean_mul_pow_rsqrt_0(arg0_1, arg1_1, arg2_1, buf0, buf1)"
      ],
      "eager_aten_events": {
        "aten::add": 2,
        "aten::square": 1,
        "aten::pow": 1,
        "aten::result_type": 1,
        "aten::to": 3,
        "aten::mean": 1,
        "aten::sum": 1,
        "aten::fill_": 1,
        "aten::div_": 1,
        "aten::_to_copy": 2,
        "aten::empty_strided": 2,
        "aten::copy_": 2,
        "aten::rsqrt": 1,
        "aten::mul": 2
      },
      "max_abs_error": 4.76837158203125e-07,
      "backward_checked": false,
      "input_mutations_checked": true
    },
    "matmul": {
      "passed": true,
      "dynamo_graphs": 1,
      "generated_kernel_count": 3,
      "generated_cpp_vec_kernel_count": 2,
      "ir_nodes_pre_fusion": 3,
      "wrapper_invocations": [
        "cpp_fused_add_mean_mul_pow_rsqrt_0(arg0_1, arg1_1, buf0, buf1)",
        "extern_kernels.mm(buf1, arg2_1, out=buf2)"
      ],
      "eager_aten_events": {
        "aten::square": 1,
        "aten::pow": 1,
        "aten::result_type": 1,
        "aten::to": 3,
        "aten::mean": 1,
        "aten::sum": 1,
        "aten::fill_": 1,
        "aten::div_": 1,
        "aten::_to_copy": 2,
        "aten::empty_strided": 2,
        "aten::copy_": 2,
        "aten::add": 1,
        "aten::rsqrt": 1,
        "aten::mul": 2,
        "aten::matmul": 1,
        "aten::mm": 1,
        "aten::resolve_conj": 3
      },
      "max_abs_error": 1.33514404296875e-05,
      "backward_checked": false,
      "input_mutations_checked": true
    },
    "backward": {
      "passed": true,
      "dynamo_graphs": 1,
      "generated_kernel_count": 10,
      "generated_cpp_vec_kernel_count": 6,
      "ir_nodes_pre_fusion": 6,
      "wrapper_invocations": [
        "cpp_fused_add_mean_mul_pow_rsqrt_0(buf1, primals_1, primals_2, buf2)",
        "cpp_fused_add_div_expand_mul_pow_sum_0(tangents_1, primals_1, rsqrt, primals_2, buf0, buf1, buf2)"
      ],
      "eager_aten_events": {
        "aten::square": 1,
        "aten::pow": 3,
        "aten::result_type": 3,
        "aten::to": 8,
        "aten::mean": 1,
        "aten::sum": 4,
        "aten::fill_": 5,
        "aten::div_": 1,
        "aten::_to_copy": 5,
        "aten::empty_strided": 6,
        "aten::copy_": 6,
        "aten::add": 1,
        "aten::rsqrt": 1,
        "aten::mul": 10,
        "aten::as_strided": 3,
        "aten::ones_like": 1,
        "aten::empty_like": 1,
        "aten::expand": 2,
        "aten::view": 1,
        "aten::detach": 2,
        "aten::div": 1,
        "aten::add_": 1
      },
      "max_abs_error": 9.5367431640625e-07,
      "backward_checked": true,
      "input_mutations_checked": true
    },
    "view_mutation": {
      "passed": true,
      "dynamo_graphs": 1,
      "generated_kernel_count": 3,
      "generated_cpp_vec_kernel_count": 2,
      "ir_nodes_pre_fusion": 4,
      "wrapper_invocations": [
        "cpp_fused_add_copy__mean_mul_pow_rsqrt_0(arg0_1, arg1_1, buf0, buf1, arg0_1)"
      ],
      "eager_aten_events": {
        "aten::view": 1,
        "aten::add_": 1,
        "aten::to": 4,
        "aten::_to_copy": 3,
        "aten::empty_strided": 3,
        "aten::copy_": 3,
        "aten::square": 1,
        "aten::pow": 1,
        "aten::result_type": 1,
        "aten::mean": 1,
        "aten::sum": 1,
        "aten::fill_": 1,
        "aten::div_": 1,
        "aten::add": 1,
        "aten::rsqrt": 1,
        "aten::mul": 2
      },
      "max_abs_error": 4.76837158203125e-07,
      "backward_checked": false,
      "input_mutations_checked": true
    },
    "strided": {
      "passed": true,
      "dynamo_graphs": 1,
      "generated_kernel_count": 2,
      "generated_cpp_vec_kernel_count": 2,
      "ir_nodes_pre_fusion": 2,
      "wrapper_invocations": [
        "cpp_fused_add_mean_mul_pow_rsqrt_0(arg0_1, arg1_1, buf0, buf1)"
      ],
      "eager_aten_events": {
        "aten::square": 1,
        "aten::pow": 1,
        "aten::result_type": 1,
        "aten::to": 3,
        "aten::mean": 1,
        "aten::sum": 1,
        "aten::fill_": 1,
        "aten::div_": 1,
        "aten::_to_copy": 2,
        "aten::empty_strided": 2,
        "aten::copy_": 2,
        "aten::add": 1,
        "aten::rsqrt": 1,
        "aten::mul": 2
      },
      "max_abs_error": 1.430511474609375e-06,
      "backward_checked": false,
      "input_mutations_checked": true
    },
    "staged": {
      "passed": true,
      "dynamo_graphs": 3,
      "generated_kernel_count": 6,
      "generated_cpp_vec_kernel_count": 4,
      "ir_nodes_pre_fusion": 4,
      "wrapper_invocations": [
        "cpp_fused_mean_pow_0(buf1, arg0_1)",
        "cpp_fused_add_rsqrt_0(arg0_1, buf0)",
        "cpp_fused_mul_0(arg0_1, arg1_1, arg2_1, buf0)"
      ],
      "eager_aten_events": {
        "aten::square": 1,
        "aten::pow": 1,
        "aten::result_type": 1,
        "aten::to": 3,
        "aten::mean": 1,
        "aten::sum": 1,
        "aten::fill_": 1,
        "aten::div_": 1,
        "aten::_to_copy": 2,
        "aten::empty_strided": 2,
        "aten::copy_": 2,
        "aten::add": 1,
        "aten::rsqrt": 1,
        "aten::mul": 2
      },
      "max_abs_error": 9.5367431640625e-07,
      "backward_checked": false,
      "input_mutations_checked": true
    }
  },
  "guards_static": [
    {
      "shape": [
        8,
        16
      ],
      "scale": 2,
      "submissions": 1
    },
    {
      "shape": [
        8,
        16
      ],
      "scale": 2,
      "submissions": 1
    },
    {
      "shape": [
        12,
        16
      ],
      "scale": 2,
      "submissions": 2
    },
    {
      "shape": [
        12,
        16
      ],
      "scale": 3,
      "submissions": 3
    },
    {
      "shape": [
        8,
        16
      ],
      "scale": 2,
      "submissions": 3
    }
  ],
  "guards_dynamic": [
    {
      "shape": [
        8,
        16
      ],
      "scale": 2,
      "submissions": 1
    },
    {
      "shape": [
        8,
        16
      ],
      "scale": 2,
      "submissions": 1
    },
    {
      "shape": [
        12,
        16
      ],
      "scale": 2,
      "submissions": 1
    },
    {
      "shape": [
        12,
        16
      ],
      "scale": 3,
      "submissions": 1
    },
    {
      "shape": [
        8,
        16
      ],
      "scale": 2,
      "submissions": 1
    }
  ],
  "graph_break": {
    "submissions": 2,
    "fullgraph_exception": "Unsupported"
  }
}
