=== matmul_epilogue: 1 final calls ===
call 00: ast_nodes=23 output=['128'] dtype=dtypes.float counts=ADD:2,MUL:2,PARAM:4,REDUCE:1,STORE:1,WHERE:1
  ast params: id=0 ParamArg(0, device='PYTHON') dtypes.float.ptr(128) shape=['128']; id=5 ParamArg(1, device='PYTHON') dtypes.float.ptr(64) shape=['64']; id=9 ParamArg(2, device='PYTHON') dtypes.float.ptr(8192) shape=['8192']; id=15 ParamArg(3, device='PYTHON') dtypes.float.ptr(128) shape=['128']
  bound: pos=0 op=BUFFER shape=['128'] dtype=dtypes.float arg=ParamArg(29, device='PYTHON'); pos=1 op=BUFFER shape=['64'] dtype=dtypes.float arg=ParamArg(26, device='PYTHON'); pos=2 op=BUFFER shape=['8192'] dtype=dtypes.float arg=ParamArg(27, device='PYTHON'); pos=3 op=BUFFER shape=['128'] dtype=dtypes.float arg=ParamArg(28, device='PYTHON')
  key ops: id=10 MUL shape=[]; id=11 ADD shape=[]; id=13 MUL shape=[]; id=14 REDUCE shape=[]; id=17 ADD shape=[]; id=19 WHERE shape=[]; id=20 STORE shape=[]

=== rmsnorm: 2 final calls ===
call 00: ast_nodes=17 output=['1'] dtype=dtypes.float counts=ADD:1,MUL:2,PARAM:2,RECIPROCAL:1,REDUCE:1,SQRT:1,STORE:1
  ast params: id=0 ParamArg(0, device='PYTHON') dtypes.float.ptr(1) shape=['1']; id=3 ParamArg(1, device='PYTHON') dtypes.float.ptr(2048) shape=['2048']
  bound: pos=0 op=BUFFER shape=['1'] dtype=dtypes.float arg=ParamArg(42, device='PYTHON'); pos=1 op=BUFFER shape=['2048'] dtype=dtypes.float arg=ParamArg(39, device='PYTHON')
  key ops: id=7 MUL shape=[]; id=8 REDUCE shape=[]; id=10 MUL shape=[]; id=12 ADD shape=[]; id=13 SQRT shape=[]; id=14 RECIPROCAL shape=[]; id=15 STORE shape=[]
call 01: ast_nodes=16 output=['2048'] dtype=dtypes.float counts=MUL:2,PARAM:4,STORE:1
  ast params: id=0 ParamArg(0, device='PYTHON') dtypes.float.ptr(2048) shape=['2048']; id=4 ParamArg(1, device='PYTHON') dtypes.float.ptr(2048) shape=['2048']; id=6 ParamArg(2, device='PYTHON') dtypes.float.ptr(1) shape=['1']; id=10 ParamArg(3, device='PYTHON') dtypes.float.ptr(2048) shape=['2048']
  bound: pos=0 op=BUFFER shape=['2048'] dtype=dtypes.float arg=ParamArg(41, device='PYTHON'); pos=1 op=BUFFER shape=['2048'] dtype=dtypes.float arg=ParamArg(39, device='PYTHON'); pos=2 op=BUFFER shape=['1'] dtype=dtypes.float arg=ParamArg(42, device='PYTHON'); pos=3 op=BUFFER shape=['2048'] dtype=dtypes.float arg=ParamArg(40, device='PYTHON')
  key ops: id=9 MUL shape=[]; id=12 MUL shape=[]; id=13 STORE shape=[]

=== sdpa_gqa_decode: 4 final calls ===
call 00: ast_nodes=30 output=['576'] dtype=dtypes.float counts=ADD:4,MUL:6,PARAM:3,REDUCE:1,STORE:1
  ast params: id=0 ParamArg(0, device='PYTHON') dtypes.float.ptr(576) shape=['576']; id=8 ParamArg(1, device='PYTHON') dtypes.float.ptr(2048) shape=['2048']; id=14 ParamArg(2, device='PYTHON') dtypes.float.ptr(9216) shape=['9216']
  bound: pos=0 op=BUFFER shape=['576'] dtype=dtypes.float arg=ParamArg(51, device='PYTHON'); pos=1 op=BUFFER shape=['2048'] dtype=dtypes.float arg=ParamArg(47, device='PYTHON'); pos=2 op=BUFFER shape=['9216'] dtype=dtypes.float arg=ParamArg(48, device='PYTHON')
  key ops: id=4 MUL shape=[]; id=6 ADD shape=[]; id=10 MUL shape=[]; id=12 ADD shape=[]; id=15 MUL shape=[]; id=16 ADD shape=[]; id=20 MUL shape=[]; id=21 ADD shape=[]; id=23 MUL shape=[]; id=24 REDUCE shape=[]; id=26 MUL shape=[]; id=27 STORE shape=[]
call 01: ast_nodes=14 output=['32'] dtype=dtypes.float counts=ADD:1,MUL:1,PARAM:2,REDUCE:1,STORE:1
  ast params: id=0 ParamArg(0, device='PYTHON') dtypes.float.ptr(32) shape=['32']; id=4 ParamArg(1, device='PYTHON') dtypes.float.ptr(576) shape=['576']
  bound: pos=0 op=BUFFER shape=['32'] dtype=dtypes.float arg=ParamArg(52, device='PYTHON'); pos=1 op=BUFFER shape=['576'] dtype=dtypes.float arg=ParamArg(51, device='PYTHON')
  key ops: id=6 MUL shape=[]; id=8 ADD shape=[]; id=10 REDUCE shape=[]; id=11 STORE shape=[]
call 02: ast_nodes=23 output=['32'] dtype=dtypes.float counts=ADD:2,EXP2:1,MUL:3,PARAM:3,RECIPROCAL:1,REDUCE:1,STORE:1
  ast params: id=0 ParamArg(0, device='PYTHON') dtypes.float.ptr(32) shape=['32']; id=4 ParamArg(1, device='PYTHON') dtypes.float.ptr(576) shape=['576']; id=10 ParamArg(2, device='PYTHON') dtypes.float.ptr(32) shape=['32']
  bound: pos=0 op=BUFFER shape=['32'] dtype=dtypes.float arg=ParamArg(53, device='PYTHON'); pos=1 op=BUFFER shape=['576'] dtype=dtypes.float arg=ParamArg(51, device='PYTHON'); pos=2 op=BUFFER shape=['32'] dtype=dtypes.float arg=ParamArg(52, device='PYTHON')
  key ops: id=6 MUL shape=[]; id=8 ADD shape=[]; id=13 MUL shape=[]; id=14 ADD shape=[]; id=16 MUL shape=[]; id=17 EXP2 shape=[]; id=18 REDUCE shape=[]; id=19 RECIPROCAL shape=[]; id=20 STORE shape=[]
call 03: ast_nodes=39 output=['2048'] dtype=dtypes.float counts=ADD:5,EXP2:1,MUL:8,PARAM:5,REDUCE:1,STORE:1
  ast params: id=0 ParamArg(0, device='PYTHON') dtypes.float.ptr(2048) shape=['2048']; id=8 ParamArg(1, device='PYTHON') dtypes.float.ptr(576) shape=['576']; id=14 ParamArg(2, device='PYTHON') dtypes.float.ptr(32) shape=['32']; id=22 ParamArg(3, device='PYTHON') dtypes.float.ptr(32) shape=['32']; id=25 ParamArg(4, device='PYTHON') dtypes.float.ptr(9216) shape=['9216']
  bound: pos=0 op=BUFFER shape=['2048'] dtype=dtypes.float arg=ParamArg(50, device='PYTHON'); pos=1 op=BUFFER shape=['576'] dtype=dtypes.float arg=ParamArg(51, device='PYTHON'); pos=2 op=BUFFER shape=['32'] dtype=dtypes.float arg=ParamArg(52, device='PYTHON'); pos=3 op=BUFFER shape=['32'] dtype=dtypes.float arg=ParamArg(53, device='PYTHON'); pos=4 op=BUFFER shape=['9216'] dtype=dtypes.float arg=ParamArg(49, device='PYTHON')
  key ops: id=4 MUL shape=[]; id=6 ADD shape=[]; id=10 MUL shape=[]; id=12 ADD shape=[]; id=17 MUL shape=[]; id=18 ADD shape=[]; id=20 MUL shape=[]; id=21 EXP2 shape=[]; id=24 MUL shape=[]; id=26 MUL shape=[]; id=27 ADD shape=[]; id=31 MUL shape=[]; id=32 ADD shape=[]; id=34 MUL shape=[]; id=35 REDUCE shape=[]; id=36 STORE shape=[]

=== kv_cache_update_symbolic: 1 final calls ===
call 00: ast_nodes=33 output=['131072'] dtype=dtypes.float counts=ADD:5,MUL:4,PARAM:4,STORE:1,WHERE:2
  ast params: id=0 ParamArg(0, device='PYTHON') dtypes.float.ptr(131072) shape=['131072']; id=2 ParamArg(-1, vmin_vmax=(0, 127), name='start_pos', addrspace=AddrSpace.ALU) dtypes.weakint shape=[]; id=20 ParamArg(1, device='PYTHON') dtypes.float.ptr(512) shape=['512']; id=26 ParamArg(2, device='PYTHON') dtypes.float.ptr(512) shape=['512']
  bound: pos=0 op=BUFFER shape=['131072'] dtype=dtypes.float arg=ParamArg(68, device='PYTHON'); pos=1 op=BUFFER shape=['512'] dtype=dtypes.float arg=ParamArg(69, device='PYTHON'); pos=2 op=BUFFER shape=['512'] dtype=dtypes.float arg=ParamArg(70, device='PYTHON')
  key ops: id=4 MUL shape=[]; id=6 ADD shape=[]; id=10 MUL shape=[]; id=11 ADD shape=[]; id=15 MUL shape=[]; id=16 ADD shape=[]; id=21 MUL shape=[]; id=22 ADD shape=[]; id=25 WHERE shape=[]; id=28 WHERE shape=[]; id=29 ADD shape=[]; id=30 STORE shape=[]

=== llama32_1b_block_decode: 14 final calls ===
call 00: ast_nodes=20 output=['1'] dtype=dtypes.float counts=ADD:1,MUL:2,PARAM:2,RECIPROCAL:1,REDUCE:1,SQRT:1,STORE:1
  ast params: id=0 ParamArg(0, device='PYTHON') dtypes.float.ptr(1) shape=['1']; id=3 ParamArg(1, device='PYTHON') dtypes.float.ptr(2048) shape=['2048']
  bound: pos=0 op=BUFFER shape=['1'] dtype=dtypes.float arg=ParamArg(103, device='PYTHON'); pos=1 op=BUFFER shape=['2048'] dtype=dtypes.float arg=ParamArg(101, device='PYTHON')
  key ops: id=10 MUL shape=[]; id=11 REDUCE shape=[]; id=13 MUL shape=[]; id=15 ADD shape=[]; id=16 SQRT shape=[]; id=17 RECIPROCAL shape=[]; id=18 STORE shape=[]
call 01: ast_nodes=31 output=['2048'] dtype=dtypes.float counts=ADD:2,MUL:5,PARAM:5,REDUCE:1,STORE:1
  ast params: id=0 ParamArg(0, device='PYTHON') dtypes.float.ptr(2048) shape=['2048']; id=8 ParamArg(1, device='PYTHON') dtypes.float.ptr(2048) shape=['2048']; id=16 ParamArg(2, device='PYTHON') dtypes.float.ptr(1) shape=['1']; id=19 ParamArg(3, device='PYTHON') dtypes.float.ptr(2048) shape=['2048']; id=22 ParamArg(4, device='PYTHON') dtypes.float.ptr(4194304) shape=['4194304']
  bound: pos=0 op=BUFFER shape=['2048'] dtype=dtypes.float arg=ParamArg(104, device='PYTHON'); pos=1 op=BUFFER shape=['2048'] dtype=dtypes.float arg=ParamArg(101, device='PYTHON'); pos=2 op=BUFFER shape=['1'] dtype=dtypes.float arg=ParamArg(103, device='PYTHON'); pos=3 op=BUFFER shape=['2048'] dtype=dtypes.float arg=ParamArg(90, device='PYTHON'); pos=4 op=BUFFER shape=['4194304'] dtype=dtypes.float arg=ParamArg(95, device='PYTHON')
  key ops: id=4 MUL shape=[]; id=6 ADD shape=[]; id=18 MUL shape=[]; id=21 MUL shape=[]; id=23 MUL shape=[]; id=24 ADD shape=[]; id=26 MUL shape=[]; id=27 REDUCE shape=[]; id=28 STORE shape=[]
call 02: ast_nodes=31 output=['512'] dtype=dtypes.float counts=ADD:2,MUL:5,PARAM:5,REDUCE:1,STORE:1
  ast params: id=0 ParamArg(0, device='PYTHON') dtypes.float.ptr(512) shape=['512']; id=8 ParamArg(1, device='PYTHON') dtypes.float.ptr(2048) shape=['2048']; id=16 ParamArg(2, device='PYTHON') dtypes.float.ptr(1) shape=['1']; id=19 ParamArg(3, device='PYTHON') dtypes.float.ptr(2048) shape=['2048']; id=22 ParamArg(4, device='PYTHON') dtypes.float.ptr(1048576) shape=['1048576']
  bound: pos=0 op=BUFFER shape=['512'] dtype=dtypes.float arg=ParamArg(105, device='PYTHON'); pos=1 op=BUFFER shape=['2048'] dtype=dtypes.float arg=ParamArg(101, device='PYTHON'); pos=2 op=BUFFER shape=['1'] dtype=dtypes.float arg=ParamArg(103, device='PYTHON'); pos=3 op=BUFFER shape=['2048'] dtype=dtypes.float arg=ParamArg(90, device='PYTHON'); pos=4 op=BUFFER shape=['1048576'] dtype=dtypes.float arg=ParamArg(96, device='PYTHON')
  key ops: id=4 MUL shape=[]; id=6 ADD shape=[]; id=18 MUL shape=[]; id=21 MUL shape=[]; id=23 MUL shape=[]; id=24 ADD shape=[]; id=26 MUL shape=[]; id=27 REDUCE shape=[]; id=28 STORE shape=[]
call 03: ast_nodes=87 output=['131072'] dtype=dtypes.float counts=ADD:13,MUL:13,PARAM:8,REDUCE:1,STORE:1,WHERE:12
  ast params: id=0 ParamArg(0, device='PYTHON') dtypes.float.ptr(131072) shape=['131072']; id=2 ParamArg(-1, vmin_vmax=(0, 127), name='start_pos', addrspace=AddrSpace.ALU) dtypes.weakint shape=[]; id=22 ParamArg(1, device='PYTHON') dtypes.float.ptr(512) shape=['512']; id=28 ParamArg(2, device='PYTHON') dtypes.float.ptr(8192) shape=['8192']; id=63 ParamArg(3, device='PYTHON') dtypes.float.ptr(2048) shape=['2048']; id=70 ParamArg(4, device='PYTHON') dtypes.float.ptr(1) shape=['1']; id=73 ParamArg(5, device='PYTHON') dtypes.float.ptr(2048) shape=['2048']; id=76 ParamArg(6, device='PYTHON') dtypes.float.ptr(1048576) shape=['1048576']
  bound: pos=0 op=BUFFER shape=['131072'] dtype=dtypes.float arg=ParamArg(99, device='PYTHON'); pos=1 op=BUFFER shape=['512'] dtype=dtypes.float arg=ParamArg(105, device='PYTHON'); pos=2 op=BUFFER shape=['8192'] dtype=dtypes.float arg=ParamArg(100, device='PYTHON'); pos=3 op=BUFFER shape=['2048'] dtype=dtypes.float arg=ParamArg(101, device='PYTHON'); pos=4 op=BUFFER shape=['1'] dtype=dtypes.float arg=ParamArg(103, device='PYTHON'); pos=5 op=BUFFER shape=['2048'] dtype=dtypes.float arg=ParamArg(90, device='PYTHON'); pos=6 op=BUFFER shape=['1048576'] dtype=dtypes.float arg=ParamArg(97, device='PYTHON')
  key ops: id=4 MUL shape=[]; id=6 ADD shape=[]; id=10 MUL shape=[]; id=11 ADD shape=[]; id=15 MUL shape=[]; id=16 ADD shape=[]; id=23 MUL shape=[]; id=24 ADD shape=[]; id=26 WHERE shape=[]; id=29 WHERE shape=[]; id=31 MUL shape=[]; id=32 ADD shape=[]; id=33 WHERE shape=[]; id=35 ADD shape=[]; id=36 WHERE shape=[]; id=38 MUL shape=[]; id=40 MUL shape=[]; id=41 ADD shape=[]; id=43 WHERE shape=[]; id=46 WHERE shape=[]; id=49 ADD shape=[]; id=50 WHERE shape=[]; id=52 MUL shape=[]; id=53 ADD shape=[]; id=54 WHERE shape=[]; id=56 WHERE shape=[]; id=58 MUL shape=[]; id=59 ADD shape=[]; id=60 WHERE shape=[]; id=61 ADD shape=[]; id=62 WHERE shape=[]; id=72 MUL shape=[]; id=75 MUL shape=[]; id=77 MUL shape=[]; id=78 ADD shape=[]; id=80 MUL shape=[]; id=81 REDUCE shape=[]; id=82 WHERE shape=[]; id=83 ADD shape=[]; id=84 STORE shape=[]
call 04: ast_nodes=87 output=['4096'] dtype=dtypes.float counts=ADD:18,MUL:13,PARAM:5,REDUCE:1,STORE:1,WHERE:10
  ast params: id=0 ParamArg(0, device='PYTHON') dtypes.float.ptr(4096) shape=['4096']; id=6 ParamArg(-1, vmin_vmax=(0, 127), name='start_pos', addrspace=AddrSpace.ALU) dtypes.weakint shape=[]; id=15 ParamArg(1, device='PYTHON') dtypes.float.ptr(2048) shape=['2048']; id=21 ParamArg(2, device='PYTHON') dtypes.float.ptr(8192) shape=['8192']; id=57 ParamArg(3, device='PYTHON') dtypes.float.ptr(131072) shape=['131072']
  bound: pos=0 op=BUFFER shape=['4096'] dtype=dtypes.float arg=ParamArg(106, device='PYTHON'); pos=1 op=BUFFER shape=['2048'] dtype=dtypes.float arg=ParamArg(104, device='PYTHON'); pos=2 op=BUFFER shape=['8192'] dtype=dtypes.float arg=ParamArg(100, device='PYTHON'); pos=3 op=BUFFER shape=['131072'] dtype=dtypes.float arg=ParamArg(99, device='PYTHON')
  key ops: id=4 MUL shape=[]; id=8 ADD shape=[]; id=10 ADD shape=[]; id=16 MUL shape=[]; id=17 ADD shape=[]; id=19 WHERE shape=[]; id=22 MUL shape=[]; id=23 ADD shape=[]; id=24 WHERE shape=[]; id=26 MUL shape=[]; id=27 ADD shape=[]; id=28 WHERE shape=[]; id=30 ADD shape=[]; id=31 WHERE shape=[]; id=33 MUL shape=[]; id=35 MUL shape=[]; id=36 ADD shape=[]; id=38 WHERE shape=[]; id=41 WHERE shape=[]; id=44 ADD shape=[]; id=45 WHERE shape=[]; id=47 MUL shape=[]; id=48 ADD shape=[]; id=49 WHERE shape=[]; id=51 WHERE shape=[]; id=53 MUL shape=[]; id=54 ADD shape=[]; id=55 WHERE shape=[]; id=56 ADD shape=[]; id=58 ADD shape=[]; id=59 MUL shape=[]; id=60 ADD shape=[]; id=62 MUL shape=[]; id=64 ADD shape=[]; id=66 ADD shape=[]; id=70 ADD shape=[]; id=73 ADD shape=[]; id=77 MUL shape=[]; id=78 ADD shape=[]; id=80 MUL shape=[]; id=81 REDUCE shape=[]; id=83 MUL shape=[]; id=84 STORE shape=[]
call 05: ast_nodes=18 output=['32'] dtype=dtypes.float counts=ADD:2,MUL:1,PARAM:3,REDUCE:1,STORE:1
  ast params: id=0 ParamArg(0, device='PYTHON') dtypes.float.ptr(32) shape=['32']; id=4 ParamArg(1, device='PYTHON') dtypes.float.ptr(4096) shape=['4096']; id=8 ParamArg(-1, vmin_vmax=(0, 127), name='start_pos', addrspace=AddrSpace.ALU) dtypes.weakint shape=[]
  bound: pos=0 op=BUFFER shape=['32'] dtype=dtypes.float arg=ParamArg(107, device='PYTHON'); pos=1 op=BUFFER shape=['4096'] dtype=dtypes.float arg=ParamArg(106, device='PYTHON')
  key ops: id=6 MUL shape=[]; id=10 ADD shape=[]; id=12 ADD shape=[]; id=14 REDUCE shape=[]; id=15 STORE shape=[]
call 06: ast_nodes=27 output=['32'] dtype=dtypes.float counts=ADD:3,EXP2:1,MUL:3,PARAM:4,RECIPROCAL:1,REDUCE:1,STORE:1
  ast params: id=0 ParamArg(0, device='PYTHON') dtypes.float.ptr(32) shape=['32']; id=4 ParamArg(1, device='PYTHON') dtypes.float.ptr(4096) shape=['4096']; id=8 ParamArg(-1, vmin_vmax=(0, 127), name='start_pos', addrspace=AddrSpace.ALU) dtypes.weakint shape=[]; id=14 ParamArg(2, device='PYTHON') dtypes.float.ptr(32) shape=['32']
  bound: pos=0 op=BUFFER shape=['32'] dtype=dtypes.float arg=ParamArg(108, device='PYTHON'); pos=1 op=BUFFER shape=['4096'] dtype=dtypes.float arg=ParamArg(106, device='PYTHON'); pos=2 op=BUFFER shape=['32'] dtype=dtypes.float arg=ParamArg(107, device='PYTHON')
  key ops: id=6 MUL shape=[]; id=10 ADD shape=[]; id=12 ADD shape=[]; id=17 MUL shape=[]; id=18 ADD shape=[]; id=20 MUL shape=[]; id=21 EXP2 shape=[]; id=22 REDUCE shape=[]; id=23 RECIPROCAL shape=[]; id=24 STORE shape=[]
call 07: ast_nodes=28 output=['4096'] dtype=dtypes.float counts=ADD:3,EXP2:1,MUL:4,PARAM:5,STORE:1
  ast params: id=0 ParamArg(0, device='PYTHON') dtypes.float.ptr(4096) shape=['4096']; id=6 ParamArg(-1, vmin_vmax=(0, 127), name='start_pos', addrspace=AddrSpace.ALU) dtypes.weakint shape=[]; id=12 ParamArg(1, device='PYTHON') dtypes.float.ptr(4096) shape=['4096']; id=14 ParamArg(2, device='PYTHON') dtypes.float.ptr(32) shape=['32']; id=22 ParamArg(3, device='PYTHON') dtypes.float.ptr(32) shape=['32']
  bound: pos=0 op=BUFFER shape=['4096'] dtype=dtypes.float arg=ParamArg(109, device='PYTHON'); pos=1 op=BUFFER shape=['4096'] dtype=dtypes.float arg=ParamArg(106, device='PYTHON'); pos=2 op=BUFFER shape=['32'] dtype=dtypes.float arg=ParamArg(107, device='PYTHON'); pos=3 op=BUFFER shape=['32'] dtype=dtypes.float arg=ParamArg(108, device='PYTHON')
  key ops: id=4 MUL shape=[]; id=8 ADD shape=[]; id=10 ADD shape=[]; id=17 MUL shape=[]; id=18 ADD shape=[]; id=20 MUL shape=[]; id=21 EXP2 shape=[]; id=24 MUL shape=[]; id=25 STORE shape=[]
call 08: ast_nodes=34 output=['2048'] dtype=dtypes.float counts=ADD:6,MUL:5,PARAM:4,REDUCE:1,STORE:1
  ast params: id=0 ParamArg(0, device='PYTHON') dtypes.float.ptr(2048) shape=['2048']; id=8 ParamArg(1, device='PYTHON') dtypes.float.ptr(4096) shape=['4096']; id=12 ParamArg(-1, vmin_vmax=(0, 127), name='start_pos', addrspace=AddrSpace.ALU) dtypes.weakint shape=[]; id=18 ParamArg(2, device='PYTHON') dtypes.float.ptr(131072) shape=['131072']
  bound: pos=0 op=BUFFER shape=['2048'] dtype=dtypes.float arg=ParamArg(110, device='PYTHON'); pos=1 op=BUFFER shape=['4096'] dtype=dtypes.float arg=ParamArg(109, device='PYTHON'); pos=2 op=BUFFER shape=['131072'] dtype=dtypes.float arg=ParamArg(99, device='PYTHON')
  key ops: id=4 MUL shape=[]; id=6 ADD shape=[]; id=10 MUL shape=[]; id=14 ADD shape=[]; id=16 ADD shape=[]; id=19 MUL shape=[]; id=20 ADD shape=[]; id=24 MUL shape=[]; id=25 ADD shape=[]; id=27 ADD shape=[]; id=29 MUL shape=[]; id=30 REDUCE shape=[]; id=31 STORE shape=[]
call 09: ast_nodes=23 output=['2048'] dtype=dtypes.float counts=ADD:2,MUL:2,PARAM:4,REDUCE:1,STORE:1
  ast params: id=0 ParamArg(0, device='PYTHON') dtypes.float.ptr(2048) shape=['2048']; id=4 ParamArg(1, device='PYTHON') dtypes.float.ptr(2048) shape=['2048']; id=10 ParamArg(2, device='PYTHON') dtypes.float.ptr(2048) shape=['2048']; id=13 ParamArg(3, device='PYTHON') dtypes.float.ptr(4194304) shape=['4194304']
  bound: pos=0 op=BUFFER shape=['2048'] dtype=dtypes.float arg=ParamArg(111, device='PYTHON'); pos=1 op=BUFFER shape=['2048'] dtype=dtypes.float arg=ParamArg(101, device='PYTHON'); pos=2 op=BUFFER shape=['2048'] dtype=dtypes.float arg=ParamArg(110, device='PYTHON'); pos=3 op=BUFFER shape=['4194304'] dtype=dtypes.float arg=ParamArg(98, device='PYTHON')
  key ops: id=14 MUL shape=[]; id=15 ADD shape=[]; id=17 MUL shape=[]; id=18 REDUCE shape=[]; id=19 ADD shape=[]; id=20 STORE shape=[]
call 10: ast_nodes=17 output=['1'] dtype=dtypes.float counts=ADD:1,MUL:2,PARAM:2,RECIPROCAL:1,REDUCE:1,SQRT:1,STORE:1
  ast params: id=0 ParamArg(0, device='PYTHON') dtypes.float.ptr(1) shape=['1']; id=3 ParamArg(1, device='PYTHON') dtypes.float.ptr(2048) shape=['2048']
  bound: pos=0 op=BUFFER shape=['1'] dtype=dtypes.float arg=ParamArg(112, device='PYTHON'); pos=1 op=BUFFER shape=['2048'] dtype=dtypes.float arg=ParamArg(111, device='PYTHON')
  key ops: id=7 MUL shape=[]; id=8 REDUCE shape=[]; id=10 MUL shape=[]; id=12 ADD shape=[]; id=13 SQRT shape=[]; id=14 RECIPROCAL shape=[]; id=15 STORE shape=[]
call 11: ast_nodes=31 output=['8192'] dtype=dtypes.float counts=ADD:2,EXP2:1,MUL:6,PARAM:5,RECIPROCAL:1,REDUCE:1,STORE:1
  ast params: id=0 ParamArg(0, device='PYTHON') dtypes.float.ptr(8192) shape=['8192']; id=4 ParamArg(1, device='PYTHON') dtypes.float.ptr(2048) shape=['2048']; id=8 ParamArg(2, device='PYTHON') dtypes.float.ptr(1) shape=['1']; id=12 ParamArg(3, device='PYTHON') dtypes.float.ptr(2048) shape=['2048']; id=15 ParamArg(4, device='PYTHON') dtypes.float.ptr(16777216) shape=['16777216']
  bound: pos=0 op=BUFFER shape=['8192'] dtype=dtypes.float arg=ParamArg(113, device='PYTHON'); pos=1 op=BUFFER shape=['2048'] dtype=dtypes.float arg=ParamArg(111, device='PYTHON'); pos=2 op=BUFFER shape=['1'] dtype=dtypes.float arg=ParamArg(112, device='PYTHON'); pos=3 op=BUFFER shape=['2048'] dtype=dtypes.float arg=ParamArg(91, device='PYTHON'); pos=4 op=BUFFER shape=['16777216'] dtype=dtypes.float arg=ParamArg(92, device='PYTHON')
  key ops: id=11 MUL shape=[]; id=14 MUL shape=[]; id=16 MUL shape=[]; id=17 ADD shape=[]; id=19 MUL shape=[]; id=20 REDUCE shape=[]; id=23 MUL shape=[]; id=24 EXP2 shape=[]; id=25 ADD shape=[]; id=26 RECIPROCAL shape=[]; id=27 MUL shape=[]; id=28 STORE shape=[]
call 12: ast_nodes=27 output=['8192'] dtype=dtypes.float counts=ADD:1,MUL:5,PARAM:6,REDUCE:1,STORE:1
  ast params: id=0 ParamArg(0, device='PYTHON') dtypes.float.ptr(8192) shape=['8192']; id=4 ParamArg(1, device='PYTHON') dtypes.float.ptr(8192) shape=['8192']; id=6 ParamArg(2, device='PYTHON') dtypes.float.ptr(2048) shape=['2048']; id=10 ParamArg(3, device='PYTHON') dtypes.float.ptr(1) shape=['1']; id=14 ParamArg(4, device='PYTHON') dtypes.float.ptr(2048) shape=['2048']; id=17 ParamArg(5, device='PYTHON') dtypes.float.ptr(16777216) shape=['16777216']
  bound: pos=0 op=BUFFER shape=['8192'] dtype=dtypes.float arg=ParamArg(114, device='PYTHON'); pos=1 op=BUFFER shape=['8192'] dtype=dtypes.float arg=ParamArg(113, device='PYTHON'); pos=2 op=BUFFER shape=['2048'] dtype=dtypes.float arg=ParamArg(111, device='PYTHON'); pos=3 op=BUFFER shape=['1'] dtype=dtypes.float arg=ParamArg(112, device='PYTHON'); pos=4 op=BUFFER shape=['2048'] dtype=dtypes.float arg=ParamArg(91, device='PYTHON'); pos=5 op=BUFFER shape=['16777216'] dtype=dtypes.float arg=ParamArg(93, device='PYTHON')
  key ops: id=13 MUL shape=[]; id=16 MUL shape=[]; id=18 MUL shape=[]; id=19 ADD shape=[]; id=21 MUL shape=[]; id=22 REDUCE shape=[]; id=23 MUL shape=[]; id=24 STORE shape=[]
call 13: ast_nodes=24 output=['2048'] dtype=dtypes.float counts=ADD:2,MUL:2,PARAM:4,REDUCE:1,STORE:1
  ast params: id=0 ParamArg(0, device='PYTHON') dtypes.float.ptr(2048) shape=['2048']; id=8 ParamArg(1, device='PYTHON') dtypes.float.ptr(2048) shape=['2048']; id=10 ParamArg(2, device='PYTHON') dtypes.float.ptr(8192) shape=['8192']; id=14 ParamArg(3, device='PYTHON') dtypes.float.ptr(16777216) shape=['16777216']
  bound: pos=0 op=BUFFER shape=['2048'] dtype=dtypes.float arg=ParamArg(102, device='PYTHON'); pos=1 op=BUFFER shape=['2048'] dtype=dtypes.float arg=ParamArg(111, device='PYTHON'); pos=2 op=BUFFER shape=['8192'] dtype=dtypes.float arg=ParamArg(114, device='PYTHON'); pos=3 op=BUFFER shape=['16777216'] dtype=dtypes.float arg=ParamArg(94, device='PYTHON')
  key ops: id=15 MUL shape=[]; id=16 ADD shape=[]; id=18 MUL shape=[]; id=19 REDUCE shape=[]; id=20 ADD shape=[]; id=21 STORE shape=[]

