=== matmul_epilogue ===
Files /mnt/data/tinygrad-blackhole-offline-research-2026-07-13/uop-dumps/current/matmul_epilogue/60_kernel_00_python_lowered_sink.jsonl and /mnt/data/tinygrad-blackhole-offline-research-2026-07-13/research-output/regenerated-uops-full/matmul_epilogue/60_kernel_00_python_lowered_sink.jsonl differ
Files /mnt/data/tinygrad-blackhole-offline-research-2026-07-13/uop-dumps/current/matmul_epilogue/60_kernel_00_python_lowered_sink.txt and /mnt/data/tinygrad-blackhole-offline-research-2026-07-13/research-output/regenerated-uops-full/matmul_epilogue/60_kernel_00_python_lowered_sink.txt differ
Files /mnt/data/tinygrad-blackhole-offline-research-2026-07-13/uop-dumps/current/matmul_epilogue/70_kernel_00_python_linear.jsonl and /mnt/data/tinygrad-blackhole-offline-research-2026-07-13/research-output/regenerated-uops-full/matmul_epilogue/70_kernel_00_python_linear.jsonl differ
Files /mnt/data/tinygrad-blackhole-offline-research-2026-07-13/uop-dumps/current/matmul_epilogue/70_kernel_00_python_linear.txt and /mnt/data/tinygrad-blackhole-offline-research-2026-07-13/research-output/regenerated-uops-full/matmul_epilogue/70_kernel_00_python_linear.txt differ
differences found:
Files /mnt/data/tinygrad-blackhole-offline-research-2026-07-13/uop-dumps/current/matmul_epilogue/60_kernel_00_python_lowered_sink.jsonl and /mnt/data/tinygrad-blackhole-offline-research-2026-07-13/research-output/regenerated-uops-full/matmul_epilogue/60_kernel_00_python_lowered_sink.jsonl differ
Files /mnt/data/tinygrad-blackhole-offline-research-2026-07-13/uop-dumps/current/matmul_epilogue/60_kernel_00_python_lowered_sink.txt and /mnt/data/tinygrad-blackhole-offline-research-2026-07-13/research-output/regenerated-uops-full/matmul_epilogue/60_kernel_00_python_lowered_sink.txt differ
Files /mnt/data/tinygrad-blackhole-offline-research-2026-07-13/uop-dumps/current/matmul_epilogue/70_kernel_00_python_linear.jsonl and /mnt/data/tinygrad-blackhole-offline-research-2026-07-13/research-output/regenerated-uops-full/matmul_epilogue/70_kernel_00_python_linear.jsonl differ
Files /mnt/data/tinygrad-blackhole-offline-research-2026-07-13/uop-dumps/current/matmul_epilogue/70_kernel_00_python_linear.txt and /mnt/data/tinygrad-blackhole-offline-research-2026-07-13/research-output/regenerated-uops-full/matmul_epilogue/70_kernel_00_python_linear.txt differ

=== rmsnorm ===
Files /mnt/data/tinygrad-blackhole-offline-research-2026-07-13/uop-dumps/current/rmsnorm/60_kernel_00_python_lowered_sink.jsonl and /mnt/data/tinygrad-blackhole-offline-research-2026-07-13/research-output/regenerated-uops-full/rmsnorm/60_kernel_00_python_lowered_sink.jsonl differ
Files /mnt/data/tinygrad-blackhole-offline-research-2026-07-13/uop-dumps/current/rmsnorm/60_kernel_00_python_lowered_sink.txt and /mnt/data/tinygrad-blackhole-offline-research-2026-07-13/research-output/regenerated-uops-full/rmsnorm/60_kernel_00_python_lowered_sink.txt differ
Files /mnt/data/tinygrad-blackhole-offline-research-2026-07-13/uop-dumps/current/rmsnorm/60_kernel_01_python_lowered_sink.jsonl and /mnt/data/tinygrad-blackhole-offline-research-2026-07-13/research-output/regenerated-uops-full/rmsnorm/60_kernel_01_python_lowered_sink.jsonl differ
Files /mnt/data/tinygrad-blackhole-offline-research-2026-07-13/uop-dumps/current/rmsnorm/60_kernel_01_python_lowered_sink.txt and /mnt/data/tinygrad-blackhole-offline-research-2026-07-13/research-output/regenerated-uops-full/rmsnorm/60_kernel_01_python_lowered_sink.txt differ
Files /mnt/data/tinygrad-blackhole-offline-research-2026-07-13/uop-dumps/current/rmsnorm/70_kernel_00_python_linear.jsonl and /mnt/data/tinygrad-blackhole-offline-research-2026-07-13/research-output/regenerated-uops-full/rmsnorm/70_kernel_00_python_linear.jsonl differ
Files /mnt/data/tinygrad-blackhole-offline-research-2026-07-13/uop-dumps/current/rmsnorm/70_kernel_00_python_linear.txt and /mnt/data/tinygrad-blackhole-offline-research-2026-07-13/research-output/regenerated-uops-full/rmsnorm/70_kernel_00_python_linear.txt differ
Files /mnt/data/tinygrad-blackhole-offline-research-2026-07-13/uop-dumps/current/rmsnorm/70_kernel_01_python_linear.jsonl and /mnt/data/tinygrad-blackhole-offline-research-2026-07-13/research-output/regenerated-uops-full/rmsnorm/70_kernel_01_python_linear.jsonl differ
Files /mnt/data/tinygrad-blackhole-offline-research-2026-07-13/uop-dumps/current/rmsnorm/70_kernel_01_python_linear.txt and /mnt/data/tinygrad-blackhole-offline-research-2026-07-13/research-output/regenerated-uops-full/rmsnorm/70_kernel_01_python_linear.txt differ
differences found:
Files /mnt/data/tinygrad-blackhole-offline-research-2026-07-13/uop-dumps/current/rmsnorm/60_kernel_00_python_lowered_sink.jsonl and /mnt/data/tinygrad-blackhole-offline-research-2026-07-13/research-output/regenerated-uops-full/rmsnorm/60_kernel_00_python_lowered_sink.jsonl differ
Files /mnt/data/tinygrad-blackhole-offline-research-2026-07-13/uop-dumps/current/rmsnorm/60_kernel_00_python_lowered_sink.txt and /mnt/data/tinygrad-blackhole-offline-research-2026-07-13/research-output/regenerated-uops-full/rmsnorm/60_kernel_00_python_lowered_sink.txt differ
Files /mnt/data/tinygrad-blackhole-offline-research-2026-07-13/uop-dumps/current/rmsnorm/60_kernel_01_python_lowered_sink.jsonl and /mnt/data/tinygrad-blackhole-offline-research-2026-07-13/research-output/regenerated-uops-full/rmsnorm/60_kernel_01_python_lowered_sink.jsonl differ
Files /mnt/data/tinygrad-blackhole-offline-research-2026-07-13/uop-dumps/current/rmsnorm/60_kernel_01_python_lowered_sink.txt and /mnt/data/tinygrad-blackhole-offline-research-2026-07-13/research-output/regenerated-uops-full/rmsnorm/60_kernel_01_python_lowered_sink.txt differ
Files /mnt/data/tinygrad-blackhole-offline-research-2026-07-13/uop-dumps/current/rmsnorm/70_kernel_00_python_linear.jsonl and /mnt/data/tinygrad-blackhole-offline-research-2026-07-13/research-output/regenerated-uops-full/rmsnorm/70_kernel_00_python_linear.jsonl differ
Files /mnt/data/tinygrad-blackhole-offline-research-2026-07-13/uop-dumps/current/rmsnorm/70_kernel_00_python_linear.txt and /mnt/data/tinygrad-blackhole-offline-research-2026-07-13/research-output/regenerated-uops-full/rmsnorm/70_kernel_00_python_linear.txt differ
Files /mnt/data/tinygrad-blackhole-offline-research-2026-07-13/uop-dumps/current/rmsnorm/70_kernel_01_python_linear.jsonl and /mnt/data/tinygrad-blackhole-offline-research-2026-07-13/research-output/regenerated-uops-full/rmsnorm/70_kernel_01_python_linear.jsonl differ
Files /mnt/data/tinygrad-blackhole-offline-research-2026-07-13/uop-dumps/current/rmsnorm/70_kernel_01_python_linear.txt and /mnt/data/tinygrad-blackhole-offline-research-2026-07-13/research-output/regenerated-uops-full/rmsnorm/70_kernel_01_python_linear.txt differ

=== sdpa_gqa_decode ===
Files /mnt/data/tinygrad-blackhole-offline-research-2026-07-13/uop-dumps/current/sdpa_gqa_decode/60_kernel_00_python_lowered_sink.jsonl and /mnt/data/tinygrad-blackhole-offline-research-2026-07-13/research-output/regenerated-uops-full/sdpa_gqa_decode/60_kernel_00_python_lowered_sink.jsonl differ
Files /mnt/data/tinygrad-blackhole-offline-research-2026-07-13/uop-dumps/current/sdpa_gqa_decode/60_kernel_00_python_lowered_sink.txt and /mnt/data/tinygrad-blackhole-offline-research-2026-07-13/research-output/regenerated-uops-full/sdpa_gqa_decode/60_kernel_00_python_lowered_sink.txt differ
Files /mnt/data/tinygrad-blackhole-offline-research-2026-07-13/uop-dumps/current/sdpa_gqa_decode/60_kernel_01_python_lowered_sink.jsonl and /mnt/data/tinygrad-blackhole-offline-research-2026-07-13/research-output/regenerated-uops-full/sdpa_gqa_decode/60_kernel_01_python_lowered_sink.jsonl differ
Files /mnt/data/tinygrad-blackhole-offline-research-2026-07-13/uop-dumps/current/sdpa_gqa_decode/60_kernel_01_python_lowered_sink.txt and /mnt/data/tinygrad-blackhole-offline-research-2026-07-13/research-output/regenerated-uops-full/sdpa_gqa_decode/60_kernel_01_python_lowered_sink.txt differ
Files /mnt/data/tinygrad-blackhole-offline-research-2026-07-13/uop-dumps/current/sdpa_gqa_decode/60_kernel_02_python_lowered_sink.jsonl and /mnt/data/tinygrad-blackhole-offline-research-2026-07-13/research-output/regenerated-uops-full/sdpa_gqa_decode/60_kernel_02_python_lowered_sink.jsonl differ
Files /mnt/data/tinygrad-blackhole-offline-research-2026-07-13/uop-dumps/current/sdpa_gqa_decode/60_kernel_02_python_lowered_sink.txt and /mnt/data/tinygrad-blackhole-offline-research-2026-07-13/research-output/regenerated-uops-full/sdpa_gqa_decode/60_kernel_02_python_lowered_sink.txt differ
Files /mnt/data/tinygrad-blackhole-offline-research-2026-07-13/uop-dumps/current/sdpa_gqa_decode/60_kernel_03_python_lowered_sink.jsonl and /mnt/data/tinygrad-blackhole-offline-research-2026-07-13/research-output/regenerated-uops-full/sdpa_gqa_decode/60_kernel_03_python_lowered_sink.jsonl differ
Files /mnt/data/tinygrad-blackhole-offline-research-2026-07-13/uop-dumps/current/sdpa_gqa_decode/60_kernel_03_python_lowered_sink.txt and /mnt/data/tinygrad-blackhole-offline-research-2026-07-13/research-output/regenerated-uops-full/sdpa_gqa_decode/60_kernel_03_python_lowered_sink.txt differ
Files /mnt/data/tinygrad-blackhole-offline-research-2026-07-13/uop-dumps/current/sdpa_gqa_decode/70_kernel_00_python_linear.jsonl and /mnt/data/tinygrad-blackhole-offline-research-2026-07-13/research-output/regenerated-uops-full/sdpa_gqa_decode/70_kernel_00_python_linear.jsonl differ
Files /mnt/data/tinygrad-blackhole-offline-research-2026-07-13/uop-dumps/current/sdpa_gqa_decode/70_kernel_00_python_linear.txt and /mnt/data/tinygrad-blackhole-offline-research-2026-07-13/research-output/regenerated-uops-full/sdpa_gqa_decode/70_kernel_00_python_linear.txt differ
Files /mnt/data/tinygrad-blackhole-offline-research-2026-07-13/uop-dumps/current/sdpa_gqa_decode/70_kernel_01_python_linear.jsonl and /mnt/data/tinygrad-blackhole-offline-research-2026-07-13/research-output/regenerated-uops-full/sdpa_gqa_decode/70_kernel_01_python_linear.jsonl differ
Files /mnt/data/tinygrad-blackhole-offline-research-2026-07-13/uop-dumps/current/sdpa_gqa_decode/70_kernel_01_python_linear.txt and /mnt/data/tinygrad-blackhole-offline-research-2026-07-13/research-output/regenerated-uops-full/sdpa_gqa_decode/70_kernel_01_python_linear.txt differ
Files /mnt/data/tinygrad-blackhole-offline-research-2026-07-13/uop-dumps/current/sdpa_gqa_decode/70_kernel_02_python_linear.jsonl and /mnt/data/tinygrad-blackhole-offline-research-2026-07-13/research-output/regenerated-uops-full/sdpa_gqa_decode/70_kernel_02_python_linear.jsonl differ
Files /mnt/data/tinygrad-blackhole-offline-research-2026-07-13/uop-dumps/current/sdpa_gqa_decode/70_kernel_02_python_linear.txt and /mnt/data/tinygrad-blackhole-offline-research-2026-07-13/research-output/regenerated-uops-full/sdpa_gqa_decode/70_kernel_02_python_linear.txt differ
Files /mnt/data/tinygrad-blackhole-offline-research-2026-07-13/uop-dumps/current/sdpa_gqa_decode/70_kernel_03_python_linear.jsonl and /mnt/data/tinygrad-blackhole-offline-research-2026-07-13/research-output/regenerated-uops-full/sdpa_gqa_decode/70_kernel_03_python_linear.jsonl differ
Files /mnt/data/tinygrad-blackhole-offline-research-2026-07-13/uop-dumps/current/sdpa_gqa_decode/70_kernel_03_python_linear.txt and /mnt/data/tinygrad-blackhole-offline-research-2026-07-13/research-output/regenerated-uops-full/sdpa_gqa_decode/70_kernel_03_python_linear.txt differ
differences found:
Files /mnt/data/tinygrad-blackhole-offline-research-2026-07-13/uop-dumps/current/sdpa_gqa_decode/60_kernel_00_python_lowered_sink.jsonl and /mnt/data/tinygrad-blackhole-offline-research-2026-07-13/research-output/regenerated-uops-full/sdpa_gqa_decode/60_kernel_00_python_lowered_sink.jsonl differ
Files /mnt/data/tinygrad-blackhole-offline-research-2026-07-13/uop-dumps/current/sdpa_gqa_decode/60_kernel_00_python_lowered_sink.txt and /mnt/data/tinygrad-blackhole-offline-research-2026-07-13/research-output/regenerated-uops-full/sdpa_gqa_decode/60_kernel_00_python_lowered_sink.txt differ
Files /mnt/data/tinygrad-blackhole-offline-research-2026-07-13/uop-dumps/current/sdpa_gqa_decode/60_kernel_01_python_lowered_sink.jsonl and /mnt/data/tinygrad-blackhole-offline-research-2026-07-13/research-output/regenerated-uops-full/sdpa_gqa_decode/60_kernel_01_python_lowered_sink.jsonl differ
Files /mnt/data/tinygrad-blackhole-offline-research-2026-07-13/uop-dumps/current/sdpa_gqa_decode/60_kernel_01_python_lowered_sink.txt and /mnt/data/tinygrad-blackhole-offline-research-2026-07-13/research-output/regenerated-uops-full/sdpa_gqa_decode/60_kernel_01_python_lowered_sink.txt differ
Files /mnt/data/tinygrad-blackhole-offline-research-2026-07-13/uop-dumps/current/sdpa_gqa_decode/60_kernel_02_python_lowered_sink.jsonl and /mnt/data/tinygrad-blackhole-offline-research-2026-07-13/research-output/regenerated-uops-full/sdpa_gqa_decode/60_kernel_02_python_lowered_sink.jsonl differ
Files /mnt/data/tinygrad-blackhole-offline-research-2026-07-13/uop-dumps/current/sdpa_gqa_decode/60_kernel_02_python_lowered_sink.txt and /mnt/data/tinygrad-blackhole-offline-research-2026-07-13/research-output/regenerated-uops-full/sdpa_gqa_decode/60_kernel_02_python_lowered_sink.txt differ
Files /mnt/data/tinygrad-blackhole-offline-research-2026-07-13/uop-dumps/current/sdpa_gqa_decode/60_kernel_03_python_lowered_sink.jsonl and /mnt/data/tinygrad-blackhole-offline-research-2026-07-13/research-output/regenerated-uops-full/sdpa_gqa_decode/60_kernel_03_python_lowered_sink.jsonl differ
Files /mnt/data/tinygrad-blackhole-offline-research-2026-07-13/uop-dumps/current/sdpa_gqa_decode/60_kernel_03_python_lowered_sink.txt and /mnt/data/tinygrad-blackhole-offline-research-2026-07-13/research-output/regenerated-uops-full/sdpa_gqa_decode/60_kernel_03_python_lowered_sink.txt differ
Files /mnt/data/tinygrad-blackhole-offline-research-2026-07-13/uop-dumps/current/sdpa_gqa_decode/70_kernel_00_python_linear.jsonl and /mnt/data/tinygrad-blackhole-offline-research-2026-07-13/research-output/regenerated-uops-full/sdpa_gqa_decode/70_kernel_00_python_linear.jsonl differ
Files /mnt/data/tinygrad-blackhole-offline-research-2026-07-13/uop-dumps/current/sdpa_gqa_decode/70_kernel_00_python_linear.txt and /mnt/data/tinygrad-blackhole-offline-research-2026-07-13/research-output/regenerated-uops-full/sdpa_gqa_decode/70_kernel_00_python_linear.txt differ
Files /mnt/data/tinygrad-blackhole-offline-research-2026-07-13/uop-dumps/current/sdpa_gqa_decode/70_kernel_01_python_linear.jsonl and /mnt/data/tinygrad-blackhole-offline-research-2026-07-13/research-output/regenerated-uops-full/sdpa_gqa_decode/70_kernel_01_python_linear.jsonl differ
Files /mnt/data/tinygrad-blackhole-offline-research-2026-07-13/uop-dumps/current/sdpa_gqa_decode/70_kernel_01_python_linear.txt and /mnt/data/tinygrad-blackhole-offline-research-2026-07-13/research-output/regenerated-uops-full/sdpa_gqa_decode/70_kernel_01_python_linear.txt differ
Files /mnt/data/tinygrad-blackhole-offline-research-2026-07-13/uop-dumps/current/sdpa_gqa_decode/70_kernel_02_python_linear.jsonl and /mnt/data/tinygrad-blackhole-offline-research-2026-07-13/research-output/regenerated-uops-full/sdpa_gqa_decode/70_kernel_02_python_linear.jsonl differ
Files /mnt/data/tinygrad-blackhole-offline-research-2026-07-13/uop-dumps/current/sdpa_gqa_decode/70_kernel_02_python_linear.txt and /mnt/data/tinygrad-blackhole-offline-research-2026-07-13/research-output/regenerated-uops-full/sdpa_gqa_decode/70_kernel_02_python_linear.txt differ
Files /mnt/data/tinygrad-blackhole-offline-research-2026-07-13/uop-dumps/current/sdpa_gqa_decode/70_kernel_03_python_linear.jsonl and /mnt/data/tinygrad-blackhole-offline-research-2026-07-13/research-output/regenerated-uops-full/sdpa_gqa_decode/70_kernel_03_python_linear.jsonl differ
Files /mnt/data/tinygrad-blackhole-offline-research-2026-07-13/uop-dumps/current/sdpa_gqa_decode/70_kernel_03_python_linear.txt and /mnt/data/tinygrad-blackhole-offline-research-2026-07-13/research-output/regenerated-uops-full/sdpa_gqa_decode/70_kernel_03_python_linear.txt differ

=== kv_cache_update_symbolic ===
Files /mnt/data/tinygrad-blackhole-offline-research-2026-07-13/uop-dumps/current/kv_cache_update_symbolic/60_kernel_00_python_lowered_sink.jsonl and /mnt/data/tinygrad-blackhole-offline-research-2026-07-13/research-output/regenerated-uops-full/kv_cache_update_symbolic/60_kernel_00_python_lowered_sink.jsonl differ
Files /mnt/data/tinygrad-blackhole-offline-research-2026-07-13/uop-dumps/current/kv_cache_update_symbolic/60_kernel_00_python_lowered_sink.txt and /mnt/data/tinygrad-blackhole-offline-research-2026-07-13/research-output/regenerated-uops-full/kv_cache_update_symbolic/60_kernel_00_python_lowered_sink.txt differ
Files /mnt/data/tinygrad-blackhole-offline-research-2026-07-13/uop-dumps/current/kv_cache_update_symbolic/70_kernel_00_python_linear.jsonl and /mnt/data/tinygrad-blackhole-offline-research-2026-07-13/research-output/regenerated-uops-full/kv_cache_update_symbolic/70_kernel_00_python_linear.jsonl differ
Files /mnt/data/tinygrad-blackhole-offline-research-2026-07-13/uop-dumps/current/kv_cache_update_symbolic/70_kernel_00_python_linear.txt and /mnt/data/tinygrad-blackhole-offline-research-2026-07-13/research-output/regenerated-uops-full/kv_cache_update_symbolic/70_kernel_00_python_linear.txt differ
differences found:
Files /mnt/data/tinygrad-blackhole-offline-research-2026-07-13/uop-dumps/current/kv_cache_update_symbolic/60_kernel_00_python_lowered_sink.jsonl and /mnt/data/tinygrad-blackhole-offline-research-2026-07-13/research-output/regenerated-uops-full/kv_cache_update_symbolic/60_kernel_00_python_lowered_sink.jsonl differ
Files /mnt/data/tinygrad-blackhole-offline-research-2026-07-13/uop-dumps/current/kv_cache_update_symbolic/60_kernel_00_python_lowered_sink.txt and /mnt/data/tinygrad-blackhole-offline-research-2026-07-13/research-output/regenerated-uops-full/kv_cache_update_symbolic/60_kernel_00_python_lowered_sink.txt differ
Files /mnt/data/tinygrad-blackhole-offline-research-2026-07-13/uop-dumps/current/kv_cache_update_symbolic/70_kernel_00_python_linear.jsonl and /mnt/data/tinygrad-blackhole-offline-research-2026-07-13/research-output/regenerated-uops-full/kv_cache_update_symbolic/70_kernel_00_python_linear.jsonl differ
Files /mnt/data/tinygrad-blackhole-offline-research-2026-07-13/uop-dumps/current/kv_cache_update_symbolic/70_kernel_00_python_linear.txt and /mnt/data/tinygrad-blackhole-offline-research-2026-07-13/research-output/regenerated-uops-full/kv_cache_update_symbolic/70_kernel_00_python_linear.txt differ

=== llama32_1b_block_decode ===
all files byte-identical

manifest: byte-identical
